palette enabled=true base=#20242e muted=#667085 surface=#f1f3f7 border=#c7ceda accent=#315da8 success=#2f7d32 warning=#9a6700 danger=#b42318
╭──────────────────────────────────────────────────────────────────╮
│ Why is payment-api unavailable?                                  │
╰──────────────────────────────────────────────────────────────────╯
<blank rows=1>
The Deployment has no available replicas.
└─ ✓ get_resource · succeeded · Inspect the selected Deployment. · No av
ailable replicas. · 2 evidence
<blank rows=6>
╭──────────────────────────────────────────────────────────────────╮
│ /resource pay                                                    │
│                                                                  │
│                                                                  │
╰──────────────────────────────────────────────────────────────────╯
› Deployment/payment-api · ns/payments · Unavailable
  Pod/payment-api-7d9 · ns/payments · Pending
ctx/development · ns/payments · read-only
res/Deployment/payment-api · run/completed · model/diagnostic-model
