palette enabled=false base=none muted=none surface=none border=none accent=none success=none warning=none danger=none
╭──────────────────────────────────────────────────────────────────╮
│ Why is payment-api unavailable?                                  │
╰──────────────────────────────────────────────────────────────────╯
<blank rows=1>
The Deployment has no available replicas.
└─ ✓ Inspect resource · done
   Purpose: Inspect the selected Deployment.
   Result: No available replicas.
<blank rows=5>
╭──────────────────────────────────────────────────────────────────╮
│ /resource pay                                                    │
│                                                                  │
│                                                                  │
╰──────────────────────────────────────────────────────────────────╯
› Deployment/payment-api · Unavailable
  Pod/payment-api-7d9 · Pending
Context development · Namespace payments · read-only
history saved · Deployment/payment-api · diagnosis complete
